assert.js:*
      compareExceptionKey(actual, expected, key, msg, keys);
      ^

AssertionError [ERR_ASSERTION]: Input A expected to strictly deep-equal input B:
+ expected - actual

- Comparison {}
+ Comparison {
+   bar: true
+ }
   at Anonymous function (*assert_throws_stack.js:*)
   at *
   at *
   at *
   at *
