punycode.js:*
	throw new RangeError(errors[type]);
	^

RangeError: Invalid input
   at error (punycode.js:*:*)
   at decode (punycode.js:*:*)
   at Anonymous function (*test*message*core_line_numbers.js:*:*)
   at Module.prototype._compile (internal/modules/cjs/loader.js:*:*)
   at Module._extensions[.js] (internal/modules/cjs/loader.js:*:*)
   at Module.prototype.load (internal/modules/cjs/loader.js:*:*)
   at tryModuleLoad (internal/modules/cjs/loader.js:*)
   at Module._load (internal/modules/cjs/loader.js:*:*)
   at Module.runMain (internal/modules/cjs/loader.js:*:*)
   at startup (internal/bootstrap/node.js:*:*)