before
*test*message*stack_overflow.js:*
JSON.stringify(array);
^

Error: Out of stack space
