[stdin]
[stdin]:1
'use strict'; with(this){__filename}
              ^^^^^

SyntaxError: 'with' statements are not allowed in strict mode
   at Script (vm.js:*:*)
   at createScript (vm.js:*:*)
   at runInThisContext (vm.js:*:*)
   at Anonymous function ([stdin]-wrapper:*:*)
   at Module.prototype._compile (internal/modules/cjs/loader.js:*:*)
   at evalScript (internal/bootstrap/node.js:*:*)
   at Anonymous function (internal/bootstrap/node.js:*:*)
   at Reflect.apply (native code)
   at emit (events.js:*:*)
   at endReadableNT (_stream_readable.js:*:*)
42
42
[stdin]:1
throw new Error("hello")
^

Error: hello
   at Global code ([stdin]:*:*)
   at Script.prototype.runInThisContext (vm.js:*:*)
   at runInThisContext (vm.js:*:*)
   at Anonymous function ([stdin]-wrapper:*:*)
   at Module.prototype._compile (internal/modules/cjs/loader.js:*:*)
   at evalScript (internal/bootstrap/node.js:*:*)
   at Anonymous function (internal/bootstrap/node.js:*:*)
   at Reflect.apply (native code)
   at emit (events.js:*:*)
   at endReadableNT (_stream_readable.js:*:*)
[stdin]:1
'use strict'; throw new Error("hello")
              ^

Error: hello
   at Global code ([stdin]:*:*)
   at Script.prototype.runInThisContext (vm.js:*:*)
   at runInThisContext (vm.js:*:*)
   at Anonymous function ([stdin]-wrapper:*:*)
   at Module.prototype._compile (internal/modules/cjs/loader.js:*:*)
   at evalScript (internal/bootstrap/node.js:*:*)
   at Anonymous function (internal/bootstrap/node.js:*:*)
   at Reflect.apply (native code)
   at emit (events.js:*:*)
   at endReadableNT (_stream_readable.js:*:*)
100
[stdin]:1
'use strict'; var x = 100; y = x;
                           ^

ReferenceError: Variable undefined in strict mode
   at Global code ([stdin]:*:*)
   at Script.prototype.runInThisContext (vm.js:*:*)
   at runInThisContext (vm.js:*:*)
   at Anonymous function ([stdin]-wrapper:*:*)
   at Module.prototype._compile (internal/modules/cjs/loader.js:*:*)
   at evalScript (internal/bootstrap/node.js:*:*)
   at Anonymous function (internal/bootstrap/node.js:*:*)
   at Reflect.apply (native code)
   at emit (events.js:*:*)
   at endReadableNT (_stream_readable.js:*:*)

vm.js:*
      return super.runInThisContext(...args);
      ^
10

vm.js:*
      return super.runInThisContext(...args);
      ^
10
done