*test*message*timeout_throw.js:*
  undefined_reference_error_maker;
  ^

ReferenceError: 'undefined_reference_error_maker' is not defined
   at Anonymous function (*test*message*timeout_throw.js:*:*)
   at ontimeout (timers.js:*:*)
   at tryOnTimeout (timers.js:*:*)
   at listOnTimeout (timers.js:*:*)
   at processTimers (timers.js:*:*)